// Jest Snapshot v1, https://goo.gl/fbAQLP

exports[`Course category component 1`] = `[Function]`;
