// Jest Snapshot v1, https://goo.gl/fbAQLP

exports[`Course task card 1`] = `[Function]`;
