// Jest Snapshot v1, https://goo.gl/fbAQLP

exports[`Course additional guide test 1`] = `[Function]`;
