// Jest Snapshot v1, https://goo.gl/fbAQLP

exports[`Recomended course test props 1`] = `[Function]`;
