// Jest Snapshot v1, https://goo.gl/fbAQLP

exports[`Course topic 1`] = `[Function]`;
