// Jest Snapshot v1, https://goo.gl/fbAQLP

exports[`course notes items 1`] = `[Function]`;
